import Style from "styled-jsx";
export default () => (
  <main class="jsx-8mUTT main">
    <h1 class="jsx-8mUTT">hello</h1>
    <Style scoped id="jsx-8mUTT">{`.main.jsx-8mUTT{background:#00f}h1.jsx-8mUTT{color:red}`}</Style>
  </main>
)
