import Style from "styled-jsx";
const a = () => (
  <div>
    <p>hi</p>
    <style>{"woot"}</style>
  </div>
)
