import Style from "styled-jsx";
export default class {
  render() {
    return (
      <div class="jsx-4suyyD">
        <p class="jsx-4suyyD">test</p>
        <Style scoped>{`p.jsx-4suyyD{color:red}`}</Style>
      </div>
    )
  }
}
