import Style from "styled-jsx";
export default () => (
  <div class="jsx-1CO9YM">
    <p class="jsx-1CO9YM">woot</p>
    <style dangerouslySetInnerHTML={{ __html: `body { margin: 0; }` }} class="jsx-1CO9YM" />
    <Style jsx id="jsx-1CO9YM">{`p.jsx-1CO9YM{color:red}`}</Style>
  </div>
)
